Símbolo         Valor Decimal   Valor Hexadecimal
-------         -------------   -----------------
_BOOT                       0                   0
_APP                      256                 100
_SISTEMA                  128                  80
_KRN_INT                32768                8000
_IOAREA16               65408                FF80
_IOAREA08               65472                FFC0
_STACK                  65408                FF80
IVET                    65470                FFBE
TIMDT                   65495                FFD7
INTS                    65496                FFD8
INTE                    65497                FFD9
TECST                   65498                FFDA
TECDT                   65499                FFDB
VISOR                   65500                FFDC
CR                         13                   D
BS                          8                   8
RESET                       0                   0
KBHIT                       1                   1
SHIFT                       2                   2
CTRL                        3                   3
GETCHAR                     4                   4
PUTCHAR                     5                   5
PUTMSG                      6                   6
START                       7                   7
READY                       8                   8
MAX_FUNCAO                  9                   9
GO_SYSCALL                133                  85
SWITCH_SYSCALL            140                  8C
MSG_LIMPA                 388                 184
MSG_VIS0                  407                 197
MSG_VIS1                  426                 1AA
TST_PUTMSG                445                 1BD
MSG_TIM0                  473                 1D9
MSG_TIM1                  492                 1EC
MSG_TIM2                  511                 1FF
DSP_R1_ON_VISOR_1         530                 212
TST_TIMER                 553                 229
TST_TIMER_2               573                 23D
TST_TIMER_1               591                 24F
MSG_KBH0                  633                 279
DSP_TEC                     6                   6
MSG_KBH1                  652                 28C
DSP_SH                      4                   4
DSP_CTR                    12                   C
VAR_SH                    671                 29F
VAR_CTR                   673                 2A1
DSP_R0_ON_VISOR_1_SH      675                 2A3
DSP_R0_ON_VISOR_1_CTR      692                 2B4
DSP_R0_ON_VISOR_0_TEC      709                 2C5
HEX_TO_ASCII              766                 2FE
H_2_A                     780                 30C
TST_KBHIT_SH              785                 311
TST_KBHIT_CTR             804                 324
TST_KBHIT                 825                 339
TST_KBHIT_1               841                 349
TST_SET_SHIFT             895                 37F
TST_SET_CTRL              919                 397
TST_KBHIT_FIM             943                 3AF
MSG_VISOR0                944                 3B0
MSG_VISOR1                950                 3B6
MSG_VISOR                 954                 3BA
