Símbolo         Valor Decimal   Valor Hexadecimal
-------         -------------   -----------------
_APP                      256                 100
_KRN_INT                32768                8000
_IOAREA16               65408                FF80
_IOAREA08               65472                FFC0
_STACK                  65000                FDE8
IVET                    65470                FFBE
TIMDT                   65495                FFD7
INTS                    65496                FFD8
INTE                    65497                FFD9
TECST                   65498                FFDA
TECDT                   65499                FFDB
VISOR                   65500                FFDC
CR                         13                   D
BS                          8                   8
KEYSTAT                 32788                8014
VISOROFFSET             32790                8016
MSG                     32792                8018
CONTADOR                32808                8028
CONTADORMETA            32810                802A
_RESET                  32812                802C
CLEARDISPLAY               52                  34
CD_LOOP                    56                  38
_KBHIT                     74                  4A
_KBHITNO                   94                  5E
_KBHITEND                 100                  64
_SHIFT                    117                  75
_SHIFTOFF                 131                  83
_SHIFTEND                 137                  89
_CTRL                     142                  8E
_CTRLOFF                  156                  9C
_CTRLEND                  162                  A2
_GETCHAR                  167                  A7
_GETCHARSEMSTATUSMENOR      199                  C7
_GETCHARSEMSTATUSMAIOR      213                  D5
_GETCHARCTRLMENOR         227                  E3
_GETCHARCTRLMAIOR         241                  F1
_GETCHARSHIFTMENOR        255                  FF
_GETCHARSHIFTMAIOR        269                 10D
_GETCHAREND               283                 11B
_PUTCHAR                  284                 11C
_PUTCHARVISOR1            318                 13E
_PUTCHARPRINT             324                 144
_PUTCHARERRORCHAR         358                 166
_PUTCHARERRORVISOR        366                 16E
_PUTCHARERRORFORAVISOR      374                 176
_PUTCHAREND               382                 17E
_PUTMSG                   383                 17F
_PUTMSGLOOP               385                 181
_PUTMSGSTRINGFIM          411                 19B
_PUTMSGFIM                415                 19F
_START                    416                 1A0
_READY                    439                 1B7
_NOTREADY                 455                 1C7
_READYEND                 459                 1CB
_TRATADOR                 460                 1CC
_TRATADORFIM              480                 1E0
