Símbolo         Valor Decimal   Valor Hexadecimal
-------         -------------   -----------------
_APP                      256                 100
_KRN_INT                32768                8000
_IOAREA16               65408                FF80
_IOAREA08               65472                FFC0
_STACK                  65000                FDE8
IVET                    65470                FFBE
TIMDT                   65495                FFD7
INTS                    65496                FFD8
INTE                    65497                FFD9
TECST                   65498                FFDA
TECDT                   65499                FFDB
VISOR                   65500                FFDC
CR                         13                   D
BS                          8                   8
CONTADOR                  512                 200
CONTADORMETA              514                 202
KBHIT                     516                 204
_KBHITNO                  536                 218
_KBHITEND                 542                 21E
SHIFT                     551                 227
_SHIFTOFF                 565                 235
_SHIFTEND                 571                 23B
CTRL                      576                 240
_CTRLOFF                  590                 24E
_CTRLEND                  596                 254
GETCHAR                   601                 259
_GETCHARCONTINUE          633                 279
_GETCHARSEMSTATUSMENOR      654                 28E
_GETCHARSEMSTATUSMAIOR      668                 29C
_GETCHARCTRLMENOR         682                 2AA
_GETCHARCTRLMAIOR         696                 2B8
_GETCHARSHIFTMENOR        710                 2C6
_GETCHARSHIFTMAIOR        724                 2D4
_GETCHAREND               738                 2E2
KEYSTAT                   512                 200
