Símbolo         Valor Decimal   Valor Hexadecimal
-------         -------------   -----------------
_APP                      256                 100
_KRN_INT                32768                8000
_IOAREA16               65408                FF80
_IOAREA08               65472                FFC0
_STACK                  65000                FDE8
IVET                    65470                FFBE
TIMDT                   65495                FFD7
INTS                    65496                FFD8
INTE                    65497                FFD9
TECST                   65498                FFDA
TECDT                   65499                FFDB
VISOR                   65500                FFDC
CR                         13                   D
BS                          8                   8
KEYSTAT                   512                 200
VISOROFFSET               514                 202
_KBHIT                    516                 204
_KBHITNO                  536                 218
_KBHITEND                 542                 21E
_GETCHAR                  559                 22F
_GETCHARSEMSTATUSMENOR      591                 24F
_GETCHARSEMSTATUSMAIOR      605                 25D
_GETCHARCTRLMENOR         619                 26B
_GETCHARCTRLMAIOR         633                 279
_GETCHARSHIFTMENOR        647                 287
_GETCHARSHIFTMAIOR        661                 295
_GETCHAREND               675                 2A3
_PUTCHAR                  676                 2A4
_PUTCHARVISOR1            710                 2C6
_PUTCHARPRINT             716                 2CC
_PUTCHARERRORCHAR         750                 2EE
_PUTCHARERRORVISOR        758                 2F6
_PUTCHARERRORFORAVISOR      766                 2FE
_PUTCHAREND               774                 306
INICIO                     12                   C
FIM                        32                  20
